4.27. Printing statistics.

=== mac_array_8x8 ===

        +----------Local Count, excluding submodules.
        | 
    53153 wires
    73054 wire bits
      583 public wires
     8580 public wire bits
        7 ports
     2180 port bits
    56346 cells
     1574   $_ANDNOT_
     7852   $_AND_
       90   $_MUX_
    21505   $_NAND_
      190   $_NOR_
        4   $_NOT_
      681   $_ORNOT_
     2694   $_OR_
     2048   $_SDFFE_PP0P_
     5916   $_XNOR_
    13728   $_XOR_
       64   $scopeinfo

4.28. Executing CHECK pass (checking for obvious problems).
Checking module mac_array_8x8...
Found and reported 0 problems.

5. Executing DFFLIBMAP pass (mapping DFF cells to sequential cells from liberty file).
  cell sky130_fd_sc_hd__dfxtp_1 (noninv, pins=3, area=20.02) is a direct match for cell type $_DFF_P_.
  cell sky130_fd_sc_hd__dfrtn_1 (noninv, pins=4, area=25.02) is a direct match for cell type $_DFF_NN0_.
  cell sky130_fd_sc_hd__dfrtp_1 (noninv, pins=4, area=25.02) is a direct match for cell type $_DFF_PN0_.
  cell sky130_fd_sc_hd__dfstp_2 (noninv, pins=4, area=26.28) is a direct match for cell type $_DFF_PN1_.
  cell sky130_fd_sc_hd__edfxtp_1 (noninv, pins=4, area=30.03) is a direct match for cell type $_DFFE_PP_.
  cell sky130_fd_sc_hd__dfbbn_1 (noninv, pins=6, area=32.53) is a direct match for cell type $_DFFSR_NNN_.
  cell sky130_fd_sc_hd__dfbbp_1 (noninv, pins=6, area=32.53) is a direct match for cell type $_DFFSR_PNN_.
  final dff cell mappings:
    unmapped dff cell: $_DFF_N_
    \sky130_fd_sc_hd__dfxtp_1 _DFF_P_ (.CLK( C), .D( D), .Q( Q));
    \sky130_fd_sc_hd__dfrtn_1 _DFF_NN0_ (.CLK_N( C), .D( D), .Q( Q), .RESET_B( R));
    unmapped dff cell: $_DFF_NN1_
    unmapped dff cell: $_DFF_NP0_
    unmapped dff cell: $_DFF_NP1_
    \sky130_fd_sc_hd__dfrtp_1 _DFF_PN0_ (.CLK( C), .D( D), .Q( Q), .RESET_B( R));
    \sky130_fd_sc_hd__dfstp_2 _DFF_PN1_ (.CLK( C), .D( D), .Q( Q), .SET_B( R));
    unmapped dff cell: $_DFF_PP0_
    unmapped dff cell: $_DFF_PP1_
    unmapped dff cell: $_DFFE_NN_
    unmapped dff cell: $_DFFE_NP_
    unmapped dff cell: $_DFFE_PN_
    \sky130_fd_sc_hd__edfxtp_1 _DFFE_PP_ (.CLK( C), .D( D), .DE( E), .Q( Q));
    \sky130_fd_sc_hd__dfbbn_1 _DFFSR_NNN_ (.CLK_N( C), .D( D), .Q( Q), .Q_N(~Q), .RESET_B( R), .SET_B( S));
    unmapped dff cell: $_DFFSR_NNP_
    unmapped dff cell: $_DFFSR_NPN_
    unmapped dff cell: $_DFFSR_NPP_
    \sky130_fd_sc_hd__dfbbp_1 _DFFSR_PNN_ (.CLK( C), .D( D), .Q( Q), .Q_N(~Q), .RESET_B( R), .SET_B( S));
    unmapped dff cell: $_DFFSR_PNP_
    unmapped dff cell: $_DFFSR_PPN_
    unmapped dff cell: $_DFFSR_PPP_

5.1. Executing DFFLEGALIZE pass (convert FFs to types supported by the target).
<suppressed ~24 debug messages>
Mapping DFF cells in module `\mac_array_8x8':
  mapped 2048 $_DFF_P_ cells to \sky130_fd_sc_hd__dfxtp_1 cells.

6. Executing ABC pass (technology mapping using ABC).

6.1. Extracting gate netlist of module `\mac_array_8x8' to `<abc-temp-dir>/input.blif'..

6.1.1. Executed ABC.
Extracted 58330 gates and 60510 wires to a netlist network with 2179 inputs and 2048 outputs.
Running ABC script: <abc-temp-dir>/abc.script
ABC: ======== ABC command line "source <abc-temp-dir>/abc.script"
ABC: + read_blif <abc-temp-dir>/input.blif 
ABC: + read_scl /var/folders/hh/40w32bld5pq13hl41j_8zcj80000gn/T/yosys-liberty-scl-cache/yosys_merged_f8bafe1d.scl 
ABC: Warning: Detected 9 multi-output cells (for example, "sky130_fd_sc_hd__fa_1").
ABC: + strash 
ABC: + &get -n 
ABC: + &fraig -x 
ABC: + &put 
ABC: + scorr 
ABC: Warning: The network is combinational (run "fraig" or "fraig_sweep").
ABC: + dc2 
ABC: + dretime 
ABC: + strash 
ABC: + &get -n 
ABC: + &dch -f 
ABC: + &nf 
ABC: + &put 
ABC: + write_blif <abc-temp-dir>/output.blif 

6.1.2. Re-integrating ABC results.
ABC RESULTS:   sky130_fd_sc_hd__a211o_1 cells:        6
ABC RESULTS:   sky130_fd_sc_hd__a211oi_1 cells:       86
ABC RESULTS:   sky130_fd_sc_hd__a21bo_1 cells:        8
ABC RESULTS:   sky130_fd_sc_hd__a21boi_0 cells:       73
ABC RESULTS:   sky130_fd_sc_hd__a21o_1 cells:      259
ABC RESULTS:   sky130_fd_sc_hd__a21oi_1 cells:     4634
ABC RESULTS:   sky130_fd_sc_hd__a221o_1 cells:        1
ABC RESULTS:   sky130_fd_sc_hd__a221oi_1 cells:        5
ABC RESULTS:   sky130_fd_sc_hd__a22o_1 cells:      121
ABC RESULTS:   sky130_fd_sc_hd__a22oi_1 cells:      177
ABC RESULTS:   sky130_fd_sc_hd__a2bb2oi_1 cells:       64
ABC RESULTS:   sky130_fd_sc_hd__a311oi_1 cells:        6
ABC RESULTS:   sky130_fd_sc_hd__a31o_1 cells:        3
ABC RESULTS:   sky130_fd_sc_hd__a31oi_1 cells:      186
ABC RESULTS:   sky130_fd_sc_hd__a32o_1 cells:       61
ABC RESULTS:   sky130_fd_sc_hd__a32oi_1 cells:       16
ABC RESULTS:   sky130_fd_sc_hd__a41o_1 cells:        1
ABC RESULTS:   sky130_fd_sc_hd__and2_0 cells:      774
ABC RESULTS:   sky130_fd_sc_hd__and3_1 cells:      365
ABC RESULTS:   sky130_fd_sc_hd__and3b_1 cells:        1
ABC RESULTS:   sky130_fd_sc_hd__and4_1 cells:       24
ABC RESULTS:   sky130_fd_sc_hd__clkinv_1 cells:      779
ABC RESULTS:   sky130_fd_sc_hd__lpflow_inputiso1p_1 cells:      607
ABC RESULTS:   sky130_fd_sc_hd__lpflow_isobufsrc_1 cells:      762
ABC RESULTS:   sky130_fd_sc_hd__maj3_1 cells:     3571
ABC RESULTS:   sky130_fd_sc_hd__mux2_1 cells:        1
ABC RESULTS:   sky130_fd_sc_hd__mux2i_1 cells:       36
ABC RESULTS:   sky130_fd_sc_hd__nand2_1 cells:     5356
ABC RESULTS:   sky130_fd_sc_hd__nand2b_1 cells:     1536
ABC RESULTS:   sky130_fd_sc_hd__nand3_1 cells:      527
ABC RESULTS:   sky130_fd_sc_hd__nand3b_1 cells:       71
ABC RESULTS:   sky130_fd_sc_hd__nand4_1 cells:      182
ABC RESULTS:   sky130_fd_sc_hd__nand4b_1 cells:        5
ABC RESULTS:   sky130_fd_sc_hd__nand4bb_1 cells:        2
ABC RESULTS:   sky130_fd_sc_hd__nor2_1 cells:     3937
ABC RESULTS:   sky130_fd_sc_hd__nor2b_1 cells:       79
ABC RESULTS:   sky130_fd_sc_hd__nor3_1 cells:      616
ABC RESULTS:   sky130_fd_sc_hd__nor3b_1 cells:       45
ABC RESULTS:   sky130_fd_sc_hd__nor4_1 cells:       13
ABC RESULTS:   sky130_fd_sc_hd__nor4b_1 cells:        2
ABC RESULTS:   sky130_fd_sc_hd__nor4bb_1 cells:       10
ABC RESULTS:   sky130_fd_sc_hd__o2111a_1 cells:        7
ABC RESULTS:   sky130_fd_sc_hd__o211a_1 cells:      236
ABC RESULTS:   sky130_fd_sc_hd__o211ai_1 cells:       10
ABC RESULTS:   sky130_fd_sc_hd__o21a_1 cells:      473
ABC RESULTS:   sky130_fd_sc_hd__o21ai_0 cells:     3584
ABC RESULTS:   sky130_fd_sc_hd__o21ba_1 cells:       13
ABC RESULTS:   sky130_fd_sc_hd__o21bai_1 cells:       54
ABC RESULTS:   sky130_fd_sc_hd__o221a_1 cells:        1
ABC RESULTS:   sky130_fd_sc_hd__o221ai_1 cells:        1
ABC RESULTS:   sky130_fd_sc_hd__o22a_1 cells:       22
ABC RESULTS:   sky130_fd_sc_hd__o22ai_1 cells:      122
ABC RESULTS:   sky130_fd_sc_hd__o2bb2ai_1 cells:        2
ABC RESULTS:   sky130_fd_sc_hd__o311a_1 cells:        3
ABC RESULTS:   sky130_fd_sc_hd__o311ai_0 cells:        5
ABC RESULTS:   sky130_fd_sc_hd__o31a_1 cells:       16
ABC RESULTS:   sky130_fd_sc_hd__o31ai_1 cells:       39
ABC RESULTS:   sky130_fd_sc_hd__o32a_1 cells:        1
ABC RESULTS:   sky130_fd_sc_hd__o32ai_1 cells:        2
ABC RESULTS:   sky130_fd_sc_hd__or3_1 cells:      324
ABC RESULTS:   sky130_fd_sc_hd__or3b_1 cells:       22
ABC RESULTS:   sky130_fd_sc_hd__or4_1 cells:        7
ABC RESULTS:   sky130_fd_sc_hd__or4b_1 cells:        1
ABC RESULTS:   sky130_fd_sc_hd__xnor2_1 cells:    10056
ABC RESULTS:   sky130_fd_sc_hd__xnor3_1 cells:      920
ABC RESULTS:   sky130_fd_sc_hd__xor2_1 cells:     5278
ABC RESULTS:   sky130_fd_sc_hd__xor3_1 cells:      216
ABC RESULTS:        internal signals:    56283
ABC RESULTS:           input signals:     2179
ABC RESULTS:          output signals:     2048
Removing temp directory.
Removing global temp directory.

7. Executing OPT_CLEAN pass (remove unused cells and wires).
Finding unused cells or wires in module \mac_array_8x8..
Removed 0 unused cells and 58845 unused wires.
<suppressed ~1 debug messages>

8. Printing statistics.

=== mac_array_8x8 ===

        +----------Local Count, excluding submodules.
        |        +-Local Area, excluding submodules.
        |        | 
    47006        - wires
    55003        - wire bits
      583        - public wires
     8580        - public wire bits
        7        - ports
     2180        - port bits
    48535 3.69E+05 cells
       64        -   $scopeinfo
        6    52.55   sky130_fd_sc_hd__a211o_1
       86  645.619   sky130_fd_sc_hd__a211oi_1
        8   80.077   sky130_fd_sc_hd__a21bo_1
       73  548.026   sky130_fd_sc_hd__a21boi_0
      259 1.94E+03   sky130_fd_sc_hd__a21o_1
     4634 2.32E+04   sky130_fd_sc_hd__a21oi_1
        1    10.01   sky130_fd_sc_hd__a221o_1
        5   43.792   sky130_fd_sc_hd__a221oi_1
      121 1.06E+03   sky130_fd_sc_hd__a22o_1
      177 1.33E+03   sky130_fd_sc_hd__a22oi_1
       64  560.538   sky130_fd_sc_hd__a2bb2oi_1
        6    52.55   sky130_fd_sc_hd__a311oi_1
        3   26.275   sky130_fd_sc_hd__a31o_1
      186 1.16E+03   sky130_fd_sc_hd__a31oi_1
       61  610.586   sky130_fd_sc_hd__a32o_1
       16  140.134   sky130_fd_sc_hd__a32oi_1
        1    10.01   sky130_fd_sc_hd__a41o_1
      774 4.84E+03   sky130_fd_sc_hd__and2_0
      365  2283.44   sky130_fd_sc_hd__and3_1
        1    8.758   sky130_fd_sc_hd__and3b_1
       24  210.202   sky130_fd_sc_hd__and4_1
      779 2.92E+03   sky130_fd_sc_hd__clkinv_1
     2048  4.1E+04   sky130_fd_sc_hd__dfxtp_1
      607  3.8E+03   sky130_fd_sc_hd__lpflow_inputiso1p_1
      762 4.77E+03   sky130_fd_sc_hd__lpflow_isobufsrc_1
     3571 3.57E+04   sky130_fd_sc_hd__maj3_1
        1   11.261   sky130_fd_sc_hd__mux2_1
       36  360.346   sky130_fd_sc_hd__mux2i_1
     5356 2.01E+04   sky130_fd_sc_hd__nand2_1
     1536 9.61E+03   sky130_fd_sc_hd__nand2b_1
      527  2637.53   sky130_fd_sc_hd__nand3_1
       71  533.011   sky130_fd_sc_hd__nand3b_1
      182 1.14E+03   sky130_fd_sc_hd__nand4_1
        5   43.792   sky130_fd_sc_hd__nand4b_1
        2   22.522   sky130_fd_sc_hd__nand4bb_1
     3937 1.48E+04   sky130_fd_sc_hd__nor2_1
       79  494.224   sky130_fd_sc_hd__nor2b_1
      616 3.08E+03   sky130_fd_sc_hd__nor3_1
       45  337.824   sky130_fd_sc_hd__nor3b_1
       13   81.328   sky130_fd_sc_hd__nor4_1
        2   17.517   sky130_fd_sc_hd__nor4b_1
       10  100.096   sky130_fd_sc_hd__nor4bb_1
        7   78.826   sky130_fd_sc_hd__o2111a_1
      236 2.36E+03   sky130_fd_sc_hd__o211a_1
       10   75.072   sky130_fd_sc_hd__o211ai_1
      473 3.55E+03   sky130_fd_sc_hd__o21a_1
     3584 1.79E+04   sky130_fd_sc_hd__o21ai_0
       13  130.125   sky130_fd_sc_hd__o21ba_1
       54  405.389   sky130_fd_sc_hd__o21bai_1
        1   11.261   sky130_fd_sc_hd__o221a_1
        1    8.758   sky130_fd_sc_hd__o221ai_1
       22  192.685   sky130_fd_sc_hd__o22a_1
      122  763.232   sky130_fd_sc_hd__o22ai_1
        2   17.517   sky130_fd_sc_hd__o2bb2ai_1
        3   30.029   sky130_fd_sc_hd__o311a_1
        5   43.792   sky130_fd_sc_hd__o311ai_0
       16  140.134   sky130_fd_sc_hd__o31a_1
       39  292.781   sky130_fd_sc_hd__o31ai_1
        1    10.01   sky130_fd_sc_hd__o32a_1
        2   17.517   sky130_fd_sc_hd__o32ai_1
      324 2.03E+03   sky130_fd_sc_hd__or3_1
       22  192.685   sky130_fd_sc_hd__or3b_1
        7    52.55   sky130_fd_sc_hd__or4_1
        1    10.01   sky130_fd_sc_hd__or4b_1
    10056 8.81E+04   sky130_fd_sc_hd__xnor2_1
      920 2.07E+04   sky130_fd_sc_hd__xnor3_1
     5278 4.62E+04   sky130_fd_sc_hd__xor2_1
      216 5.13E+03   sky130_fd_sc_hd__xor3_1

   Area for cell type $scopeinfo is unknown!

   Chip area for module '\mac_array_8x8': 368903.808000
     of which used for sequential elements: 40999.321600 (11.11%)

End of script. Logfile hash: b097a2a9d0, time: 13.07s, user: 3.40s, system: 0.14s, MEM: 366.22 MB peak
Yosys 0.67+post (git sha1 b8e7da6f40ae8f552c116bf6c359b07c6533e159, Release, AppleClang clang++ 21.0.0.21000099)
Time spent: 79% 2x abc (11 sec), 5% 17x opt_clean (0 sec), ...
